// Jest Snapshot v1, https://goo.gl/fbAQLP

exports[`LoginForm component renders loginform 1`] = `
<form
  className="login-form app-form"
  onSubmit={[Function]}
>
  <FontAwesomeIcon
    border={false}
    className="black big-icon form-icon"
    fixedWidth={false}
    flip={null}
    icon="fist-raised"
    inverse={false}
    listItem={false}
    mask={null}
    pull={null}
    pulse={false}
    rotation={null}
    size={null}
    spin={false}
    symbol={false}
    title=""
    transform={null}
  />
  <h1>
    Please sign in
  </h1>
  <div
    role="alert"
  />
  <input
    autofocus=""
    class="form-control"
    id="inputUsername"
    name="username"
    placeholder="Username"
    required=""
    type="username"
  />
  <input
    class="form-control"
    id="inputPassword"
    name="password"
    placeholder="Password"
    required=""
    type="password"
  />
  <button
    className="btn"
    type="submit"
  >
    Login
  </button>
</form>
`;

exports[`NotefulForm component renders loginform 1`] = `
<form
  className="login-form app-form"
  onSubmit={[Function]}
>
  <FontAwesomeIcon
    border={false}
    className="black big-icon form-icon"
    fixedWidth={false}
    flip={null}
    icon="fist-raised"
    inverse={false}
    listItem={false}
    mask={null}
    pull={null}
    pulse={false}
    rotation={null}
    size={null}
    spin={false}
    symbol={false}
    title=""
    transform={null}
  />
  <h1>
    Please sign in
  </h1>
  <div
    role="alert"
  />
  <input
    autofocus=""
    class="form-control"
    id="inputUsername"
    name="username"
    placeholder="Username"
    required=""
    type="username"
  />
  <input
    class="form-control"
    id="inputPassword"
    name="password"
    placeholder="Password"
    required=""
    type="password"
  />
  <button
    className="btn"
    type="submit"
  >
    Login
  </button>
</form>
`;
