// Jest Snapshot v1, https://goo.gl/fbAQLP

exports[`Header component renders header 1`] = `
<ContextConsumer>
  <Component />
</ContextConsumer>
`;
